---
source: lexer/lib.rs
expression: token_vs
---
[
    Token {
        kind: ASSIGN,
        span: Span {
            start: 0,
            end: 1,
        },
    },
    Token {
        kind: PLUS,
        span: Span {
            start: 1,
            end: 2,
        },
    },
    Token {
        kind: LPAREN,
        span: Span {
            start: 2,
            end: 3,
        },
    },
    Token {
        kind: RPAREN,
        span: Span {
            start: 3,
            end: 4,
        },
    },
    Token {
        kind: LBRACE,
        span: Span {
            start: 4,
            end: 5,
        },
    },
    Token {
        kind: RBRACE,
        span: Span {
            start: 5,
            end: 6,
        },
    },
    Token {
        kind: COMMA,
        span: Span {
            start: 6,
            end: 7,
        },
    },
    Token {
        kind: COLON,
        span: Span {
            start: 7,
            end: 8,
        },
    },
    Token {
        kind: SEMICOLON,
        span: Span {
            start: 8,
            end: 9,
        },
    },
    Token {
        kind: EOF,
        span: Span {
            start: 9,
            end: 10,
        },
    },
]
