---
source: lexer/lib.rs
expression: token_vs
---
[
    Token {
        start: 0,
        end: 3,
        kind: LET,
    },
    Token {
        start: 4,
        end: 5,
        kind: IDENTIFIER(
            "x",
        ),
    },
    Token {
        start: 6,
        end: 7,
        kind: ASSIGN,
    },
    Token {
        start: 8,
        end: 9,
        kind: INT(
            5,
        ),
    },
    Token {
        start: 9,
        end: 10,
        kind: EOF,
    },
]
