---
source: lexer/lib.rs
expression: token_vs
---
[
    Token {
        span: Span {
            start: 0,
            end: 3,
        },
        kind: STRING(
            "a",
        ),
    },
    Token {
        span: Span {
            start: 3,
            end: 4,
        },
        kind: EOF,
    },
]
