---
source: lexer/lib.rs
expression: token_vs
---
[
    Token {
        span: Span {
            start: 0,
            end: 3,
        },
        kind: LET,
    },
    Token {
        span: Span {
            start: 4,
            end: 5,
        },
        kind: IDENTIFIER {
            name: "y",
        },
    },
    Token {
        span: Span {
            start: 5,
            end: 6,
        },
        kind: ASSIGN,
    },
    Token {
        span: Span {
            start: 6,
            end: 10,
        },
        kind: TRUE,
    },
    Token {
        span: Span {
            start: 10,
            end: 11,
        },
        kind: EOF,
    },
]
