---
source: lib/lexer/mod.rs
expression: token_vs
---
[
    LET,
    IDENTIFIER(
        "five",
    ),
    ASSIGN,
    INT(
        5,
    ),
    LET,
    IDENTIFIER(
        "ten",
    ),
    ASSIGN,
    INT(
        10,
    ),
    LET,
    IDENTIFIER(
        "add",
    ),
    ASSIGN,
    FUNCTION,
    IDENTIFIER(
        "x",
    ),
    IDENTIFIER(
        "y",
    ),
    LPAREN,
    IDENTIFIER(
        "x",
    ),
    PLUS,
    IDENTIFIER(
        "y",
    ),
    RPAREN,
    SEMICOLON,
    LET,
    IDENTIFIER(
        "result",
    ),
    ASSIGN,
    IDENTIFIER(
        "add",
    ),
    IDENTIFIER(
        "five",
    ),
    IDENTIFIER(
        "ten",
    ),
    SEMICOLON,
    BANG,
    MINUS,
    SLASH,
    ASTERISK,
    INT(
        5,
    ),
    INT(
        5,
    ),
    RT,
    INT(
        10,
    ),
    LT,
    INT(
        5,
    ),
    IF,
    LPAREN,
    INT(
        5,
    ),
    RT,
    INT(
        10,
    ),
    LPAREN,
    RETURN,
    TRUE,
    RPAREN,
    ELSE,
    LPAREN,
    RETURN,
    TRUE,
    RPAREN,
    INT(
        10,
    ),
    EQ,
    INT(
        10,
    ),
    INT(
        10,
    ),
    NOT_EQ,
    INT(
        9,
    ),
    EOF,
]
