---
source: parser/ast_tree_test.rs
expression: "if (x < y) { x } else { y }"
---
{
  "Program": {
    "type": "Program",
    "body": [
      {
        "stmt_type": "Expr",
        "expr_type": "IF",
        "condition": {
          "expr_type": "INFIX",
          "op": {
            "span": {
              "start": 6,
              "end": 7
            },
            "kind": {
              "type": "LT"
            }
          },
          "left": {
            "expr_type": "IDENTIFIER",
            "name": "x",
            "span": {
              "start": 4,
              "end": 5
            }
          },
          "right": {
            "expr_type": "IDENTIFIER",
            "name": "y",
            "span": {
              "start": 8,
              "end": 9
            }
          },
          "span": {
            "start": 4,
            "end": 9
          }
        },
        "consequent": [
          {
            "stmt_type": "Expr",
            "expr_type": "IDENTIFIER",
            "name": "x",
            "span": {
              "start": 13,
              "end": 14
            }
          }
        ],
        "alternate": [
          {
            "stmt_type": "Expr",
            "expr_type": "IDENTIFIER",
            "name": "y",
            "span": {
              "start": 24,
              "end": 25
            }
          }
        ],
        "span": {
          "start": 0,
          "end": 27
        }
      }
    ],
    "span": {
      "start": 0,
      "end": 28
    }
  }
}
