---
source: parser/ast_tree_test.rs
expression: "[1, true]"
---
{
  "Program": {
    "body": [
      {
        "stmt_type": "Expr",
        "expr_type": "LITERAL",
        "type": "Array",
        "elements": [
          {
            "expr_type": "LITERAL",
            "type": "Integer",
            "raw": 1,
            "span": {
              "start": 1,
              "end": 2
            }
          },
          {
            "expr_type": "LITERAL",
            "type": "Boolean",
            "raw": true,
            "span": {
              "start": 4,
              "end": 8
            }
          }
        ],
        "span": {
          "start": 0,
          "end": 9
        }
      }
    ],
    "type": "Program"
  }
}
