---
source: parser/ast_tree_test.rs
expression: "\"jw\""
---
{
  "Program": {
    "body": [
      {
        "stmt_type": "Expr",
        "expr_type": "LITERAL",
        "type": "String",
        "raw": "jw",
        "span": {
          "start": 0,
          "end": 4
        }
      }
    ],
    "type": "Program"
  }
}
