---
source: parser/ast_tree_test.rs
expression: return 3
---
{
  "Program": {
    "body": [
      {
        "stmt_type": "Return",
        "expr_type": "LITERAL",
        "type": "Integer",
        "raw": 3,
        "span": {
          "start": 7,
          "end": 8
        }
      }
    ],
    "type": "Program"
  }
}
