---
source: parser/ast_tree_test.rs
expression: let_ast
---
{
  "Program": {
    "body": [
      {
        "type": "Expr",
        "FUNCTION": {
          "params": [
            "x"
          ],
          "body": [
            {
              "type": "Expr",
              "IDENTIFIER": {
                "name": "x",
                "span": {
                  "start": 8,
                  "end": 9
                }
              }
            }
          ],
          "span": {
            "start": 0,
            "end": 11
          }
        }
      }
    ]
  }
}
